Script started on 2025-05-05 12:24:18-04:00 [TERM="xterm-256color" TTY="/dev/pts/10" COLUMNS="185" LINES="10"]
/home/nya1025/MEng-LII-2025-spring/venv/bin/python /home/nya1025/MEng-LII-2025-spring/src/code/temp.py
]0;nya1025@DESKTOP-C2SGU4R: ~/MEng-LII-2025-spring[01;32mnya1025@DESKTOP-C2SGU4R[00m:[01;34m~/MEng-LII-2025-spring[00m$ /home/nya1025/MEng-LII-2025-spring/venv/bin/python /home/nya1025/MEng-LII-2025-spring/src/code/temp.py
Traceback (most recent call last):
  File "/home/nya1025/MEng-LII-2025-spring/src/code/temp.py", line 1, in <module>
    import matplotlib.pyplot as plt
ModuleNotFoundError: No module named 'matplotlib'
]0;nya1025@DESKTOP-C2SGU4R: ~/MEng-LII-2025-spring[01;32mnya1025@DESKTOP-C2SGU4R[00m:[01;34m~/MEng-LII-2025-spring[00m$ pip instsall matplotlib
ERROR: unknown command "instsall" - maybe you meant "install"
]0;nya1025@DESKTOP-C2SGU4R: ~/MEng-LII-2025-spring[01;32mnya1025@DESKTOP-C2SGU4R[00m:[01;34m~/MEng-LII-2025-spring[00m$ pip instsall matplotlib[C[C[1P
Collecting matplotlib
  Downloading matplotlib-3.10.1-cp311-cp311-manylinux_2_17_x86_64.manylinux2014_x86_64.whl.metadata (11 kB)
Collecting contourpy>=1.0.1 (from matplotlib)
  Downloading contourpy-1.3.2-cp311-cp311-manylinux_2_17_x86_64.manylinux2014_x86_64.whl.metadata (5.5 kB)
Collecting cycler>=0.10 (from matplotlib)
  Downloading cycler-0.12.1-py3-none-any.whl.metadata (3.8 kB)
Collecting fonttools>=4.22.0 (from matplotlib)
  Downloading fonttools-4.57.0-cp311-cp311-manylinux_2_17_x86_64.manylinux2014_x86_64.whl.metadata (102 kB)
[?25l     [38;5;237mâ”â”â”â”â”â”â”â”â”â”â”â”â”â”â”â”â”â”â”â”â”â”â”â”â”â”â”â”â”â”â”â”â”â”â”â”â”â”â”â”[0m [32m0.0/102.5 kB[0m [31m?[0m eta [36m-:--:--[0m[2K     [38;2;114;156;31mâ”â”â”â”â”â”â”â”â”â”â”â”â”â”â”â”â”â”â”â”â”â”â”â”â”â”â”â”â”â”â”â”â”â”â”â”â”â”â”â”[0m [32m102.5/102.5 kB[0m [31m1.9 MB/s[0m eta [36m0:00:00[0m
[?25hCollecting kiwisolver>=1.3.1 (from matplotlib)
  Downloading kiwisolver-1.4.8-cp311-cp311-manylinux_2_17_x86_64.manylinux2014_x86_64.whl.metadata (6.2 kB)
Requirement already satisfied: numpy>=1.23 in ./venv/lib/python3.11/site-packages (from matplotlib) (2.2.3)
Requirement already satisfied: packaging>=20.0 in ./venv/lib/python3.11/site-packages (from matplotlib) (24.2)
Requirement already satisfied: pillow>=8 in ./venv/lib/python3.11/site-packages (from matplotlib) (11.1.0)
Collecting pyparsing>=2.3.1 (from matplotlib)
  Downloading pyparsing-3.2.3-py3-none-any.whl.metadata (5.0 kB)
Requirement already satisfied: python-dateutil>=2.7 in ./venv/lib/python3.11/site-packages (from matplotlib) (2.9.0.post0)
Requirement already satisfied: six>=1.5 in ./venv/lib/python3.11/site-packages (from python-dateutil>=2.7->matplotlib) (1.17.0)
Downloading matplotlib-3.10.1-cp311-cp311-manylinux_2_17_x86_64.manylinux2014_x86_64.whl (8.6 MB)
[?25l   [38;5;237mâ”â”â”â”â”â”â”â”â”â”â”â”â”â”â”â”â”â”â”â”â”â”â”â”â”â”â”â”â”â”â”â”â”â”â”â”â”â”â”â”[0m [32m0.0/8.6 MB[0m [31m?[0m eta [36m-:--:--[0m[2K   [38;2;249;38;114mâ”â”â”â”â”â”â”â”â”â”â”â”â”â”â”â”â”â”â”â”â”â”â”â”â”â”â”â”â”â”â”â”â”â”â”â”â”â”â”[0m[38;2;249;38;114mâ•¸[0m [32m8.6/8.6 MB[0m [31m35.7 MB/s[0m eta [36m0:00:01[0m[2K   [38;2;114;156;31mâ”â”â”â”â”â”â”â”â”â”â”â”â”â”â”â”â”â”â”â”â”â”â”â”â”â”â”â”â”â”â”â”â”â”â”â”â”â”â”â”[0m [32m8.6/8.6 MB[0m [31m29.6 MB/s[0m eta [36m0:00:00[0m
[?25hDownloading contourpy-1.3.2-cp311-cp311-manylinux_2_17_x86_64.manylinux2014_x86_64.whl (326 kB)
[?25l   [38;5;237mâ”â”â”â”â”â”â”â”â”â”â”â”â”â”â”â”â”â”â”â”â”â”â”â”â”â”â”â”â”â”â”â”â”â”â”â”â”â”â”â”[0m [32m0.0/326.2 kB[0m [31m?[0m eta [36m-:--:--[0m[2K   [38;2;114;156;31mâ”â”â”â”â”â”â”â”â”â”â”â”â”â”â”â”â”â”â”â”â”â”â”â”â”â”â”â”â”â”â”â”â”â”â”â”â”â”â”â”[0m [32m326.2/326.2 kB[0m [31m13.5 MB/s[0m eta [36m0:00:00[0m
[?25hDownloading cycler-0.12.1-py3-none-any.whl (8.3 kB)
Downloading fonttools-4.57.0-cp311-cp311-manylinux_2_17_x86_64.manylinux2014_x86_64.whl (4.9 MB)
[?25l   [38;5;237mâ”â”â”â”â”â”â”â”â”â”â”â”â”â”â”â”â”â”â”â”â”â”â”â”â”â”â”â”â”â”â”â”â”â”â”â”â”â”â”â”[0m [32m0.0/4.9 MB[0m [31m?[0m eta [36m-:--:--[0m[2K   [38;2;114;156;31mâ”â”â”â”â”â”â”â”â”â”â”â”â”â”â”â”â”â”â”â”â”â”â”â”â”â”â”â”â”â”â”â”â”â”â”â”â”â”â”â”[0m [32m4.9/4.9 MB[0m [31m29.2 MB/s[0m eta [36m0:00:00[0m
[?25hDownloading kiwisolver-1.4.8-cp311-cp311-manylinux_2_17_x86_64.manylinux2014_x86_64.whl (1.4 MB)
[?25l   [38;5;237mâ”â”â”â”â”â”â”â”â”â”â”â”â”â”â”â”â”â”â”â”â”â”â”â”â”â”â”â”â”â”â”â”â”â”â”â”â”â”â”â”[0m [32m0.0/1.4 MB[0m [31m?[0m eta [36m-:--:--[0m[2K   [38;2;114;156;31mâ”â”â”â”â”â”â”â”â”â”â”â”â”â”â”â”â”â”â”â”â”â”â”â”â”â”â”â”â”â”â”â”â”â”â”â”â”â”â”â”[0m [32m1.4/1.4 MB[0m [31m25.2 MB/s[0m eta [36m0:00:00[0m
[?25hDownloading pyparsing-3.2.3-py3-none-any.whl (111 kB)
[?25l   [38;5;237mâ”â”â”â”â”â”â”â”â”â”â”â”â”â”â”â”â”â”â”â”â”â”â”â”â”â”â”â”â”â”â”â”â”â”â”â”â”â”â”â”[0m [32m0.0/111.1 kB[0m [31m?[0m eta [36m-:--:--[0m[2K   [38;2;114;156;31mâ”â”â”â”â”â”â”â”â”â”â”â”â”â”â”â”â”â”â”â”â”â”â”â”â”â”â”â”â”â”â”â”â”â”â”â”â”â”â”â”[0m [32m111.1/111.1 kB[0m [31m5.8 MB/s[0m eta [36m0:00:00[0m
[?25hInstalling collected packages: pyparsing, kiwisolver, fonttools, cycler, contourpy, matplotlib
Successfully installed contourpy-1.3.2 cycler-0.12.1 fonttools-4.57.0 kiwisolver-1.4.8 matplotlib-3.10.1 pyparsing-3.2.3

[1m[[0m[34;49mnotice[0m[1;39;49m][0m[39;49m A new release of pip is available: [0m[31;49m24.0[0m[39;49m -> [0m[32;49m25.1[0m
[1m[[0m[34;49mnotice[0m[1;39;49m][0m[39;49m To update, run: [0m[32;49mpip install --upgrade pip[0m
]0;nya1025@DESKTOP-C2SGU4R: ~/MEng-LII-2025-spring[01;32mnya1025@DESKTOP-C2SGU4R[00m:[01;34m~/MEng-LII-2025-spring[00m$ pip install matplotlib[1@s[C[C[C[C[C[C[C[C[C[C[C[C[C[C/home/nya1025/MEng-LII-2025-spring/venv/bin/python /home/nya1025/MEng-LII-2025-spring/src/code/temp.py[C[C[C[C[C[C[C[C[C[C[C[C[C[C[C[C[C[C[C[C[C[C[C[C[C[C[C[C[C[C[C[C[C[C[C[C[C[C[C[C[C[C[C[C[C[C[C[Cpip instsall matplotlib[K[1P[C[C[C[C[C[C[C[C[C[C[C[C[C[C[Kpython src/code/temp.py 
]0;nya1025@DESKTOP-C2SGU4R: ~/MEng-LII-2025-spring[01;32mnya1025@DESKTOP-C2SGU4R[00m:[01;34m~/MEng-LII-2025-spring[00m$ python src/code/temp.py 
]0;nya1025@DESKTOP-C2SGU4R: ~/MEng-LII-2025-spring[01;32mnya1025@DESKTOP-C2SGU4R[00m:[01;34m~/MEng-LII-2025-spring[00m$ python src/code/temp.py 
]0;nya1025@DESKTOP-C2SGU4R: ~/MEng-LII-2025-spring[01;32mnya1025@DESKTOP-C2SGU4R[00m:[01;34m~/MEng-LII-2025-spring[00m$ python src/code/temp.py 
]0;nya1025@DESKTOP-C2SGU4R: ~/MEng-LII-2025-spring[01;32mnya1025@DESKTOP-C2SGU4R[00m:[01;34m~/MEng-LII-2025-spring[00m$ git add .
]0;nya1025@DESKTOP-C2SGU4R: ~/MEng-LII-2025-spring[01;32mnya1025@DESKTOP-C2SGU4R[00m:[01;34m~/MEng-LII-2025-spring[00m$ gt comm[K[K[K[K[K[Kit commit -m "revert to old[K[K[K[K[K[K[K[K[K[K[K[K[Ktemporarily [K avoid [K[K[K[K[K[K[K[K[K[K[K[K[K[K[K[K[K[Kavoid late chunking for now"
[main 05679e3] avoid late chunking for now
 3 files changed, 61 insertions(+), 33 deletions(-)
 create mode 100644 final_arr_chart_larger_fonts.png
 create mode 100644 src/code/temp.py
]0;nya1025@DESKTOP-C2SGU4R: ~/MEng-LII-2025-spring[01;32mnya1025@DESKTOP-C2SGU4R[00m:[01;34m~/MEng-LII-2025-spring[00m$ git reset --soft HEAD^
]0;nya1025@DESKTOP-C2SGU4R: ~/MEng-LII-2025-spring[01;32mnya1025@DESKTOP-C2SGU4R[00m:[01;34m~/MEng-LII-2025-spring[00m$ git add src/code/cnf[K[Konfig.py 
]0;nya1025@DESKTOP-C2SGU4R: ~/MEng-LII-2025-spring[01;32mnya1025@DESKTOP-C2SGU4R[00m:[01;34m~/MEng-LII-2025-spring[00m$ git reset --mixeed
error: unknown option `mixeed'
usage: git reset [--mixed | --soft | --hard | --merge | --keep] [-q] [<commit>]
   or: git reset [-q] [<tree-ish>] [--] <pathspec>...
   or: git reset [-q] [--pathspec-from-file [--pathspec-file-nul]] [<tree-ish>]
   or: git reset --patch [<tree-ish>] [--] [<pathspec>...]

    -q, --quiet           be quiet, only report errors
    --no-refresh          skip refreshing the index after reset
    --mixed               reset HEAD and index
    --soft                reset only HEAD
    --hard                reset HEAD, index and working tree
    --merge               reset HEAD, index and working tree
    --keep                reset HEAD but keep local changes
    --recurse-submodules[=<reset>]
                          control recursive updating of submodules
    -p, --patch           select hunks interactively
    -N, --intent-to-add   record only the fact that removed paths will be added later
    --pathspec-from-file <file>
                          read pathspec from file
    --pathspec-file-nul   with --pathspec-from-file, pathspec elements are separated with NUL character

]0;nya1025@DESKTOP-C2SGU4R: ~/MEng-LII-2025-spring[01;32mnya1025@DESKTOP-C2SGU4R[00m:[01;34m~/MEng-LII-2025-spring[00m$ git reset --mixeed[1Pd
Unstaged changes after reset:
M	src/code/config.py
]0;nya1025@DESKTOP-C2SGU4R: ~/MEng-LII-2025-spring[01;32mnya1025@DESKTOP-C2SGU4R[00m:[01;34m~/MEng-LII-2025-spring[00m$ git reset --mixededadd src/code/config.py 
]0;nya1025@DESKTOP-C2SGU4R: ~/MEng-LII-2025-spring[01;32mnya1025@DESKTOP-C2SGU4R[00m:[01;34m~/MEng-LII-2025-spring[00m$ git commit -m "don't use late chunking fr [K[Kor now"
[main ca9301a] don't use late chunking for now
 1 file changed, 4 insertions(+), 33 deletions(-)
]0;nya1025@DESKTOP-C2SGU4R: ~/MEng-LII-2025-spring[01;32mnya1025@DESKTOP-C2SGU4R[00m:[01;34m~/MEng-LII-2025-spring[00m$ git push
Enter passphrase for key '/home/nya1025/.ssh/normal_id': 
Enumerating objects: 9, done.
Counting objects:  11% (1/9)Counting objects:  22% (2/9)Counting objects:  33% (3/9)Counting objects:  44% (4/9)Counting objects:  55% (5/9)Counting objects:  66% (6/9)Counting objects:  77% (7/9)Counting objects:  88% (8/9)Counting objects: 100% (9/9)Counting objects: 100% (9/9), done.
Delta compression using up to 16 threads
Compressing objects:  20% (1/5)Compressing objects:  40% (2/5)Compressing objects:  60% (3/5)Compressing objects:  80% (4/5)Compressing objects: 100% (5/5)Compressing objects: 100% (5/5), done.
Writing objects:  20% (1/5)Writing objects:  40% (2/5)Writing objects:  60% (3/5)Writing objects:  80% (4/5)Writing objects: 100% (5/5)Writing objects: 100% (5/5), 598 bytes | 598.00 KiB/s, done.
Total 5 (delta 3), reused 0 (delta 0), pack-reused 0
remote: Resolving deltas:   0% (0/3)[Kremote: Resolving deltas:  33% (1/3)[Kremote: Resolving deltas:  66% (2/3)[Kremote: Resolving deltas: 100% (3/3)[Kremote: Resolving deltas: 100% (3/3), completed with 3 local objects.[K
To github.com:LIICornell/MEng-LII-2025-spring.git
   71b234c..ca9301a  main -> main
]0;nya1025@DESKTOP-C2SGU4R: ~/MEng-LII-2025-spring[01;32mnya1025@DESKTOP-C2SGU4R[00m:[01;34m~/MEng-LII-2025-spring[00m$ 